��ESP-ROM:esp32c6-20220919
Build:Sep 19 2022
rst:0x1 (POWERON),boot:0xc (SPI_FAST_FLASH_BOOT)
SPIWP:0xee
mode:DIO, clock div:2
load:0x40875720,len:0x18ec
load:0x4086c410,len:0xe60
load:0x4086e610,len:0x2f2c
entry 0x4086c41a
[0;32mI (23) boot: ESP-IDF v5.2.5-dirty 2nd stage bootloader[0m
[0;32mI (24) boot: compile time Apr  1 2026 12:45:37[0m
[0;32mI (24) boot: chip revision: v0.0[0m
[0;32mI (27) boot: efuse block revision: v0.2[0m
[0;32mI (31) boot.esp32c6: SPI Speed      : 80MHz[0m
[0;32mI (36) boot.esp32c6: SPI Mode       : DIO[0m
[0;32mI (41) boot.esp32c6: SPI Flash Size : 2MB[0m
[0;32mI (46) boot: Enabling RNG early entropy source...[0m
[0;32mI (51) boot: Partition Table:[0m
[0;32mI (55) boot: ## Label            Usage          Type ST Offset   Length[0m
[0;32mI (62) boot:  0 nvs              WiFi data        01 02 00009000 00006000[0m
[0;32mI (69) boot:  1 phy_init         RF data          01 01 0000f000 00001000[0m
[0;32mI (77) boot:  2 factory          factory app      00 00 00010000 00100000[0m
[0;32mI (84) boot: End of partition table[0m
[0;32mI (89) esp_image: segment 0: paddr=00010020 vaddr=420b0020 size=21978h (137592) map[0m
[0;32mI (123) esp_image: segment 1: paddr=000319a0 vaddr=40800000 size=06678h ( 26232) load[0m
[0;32mI (130) esp_image: segment 2: paddr=00038020 vaddr=42000020 size=ac4c0h (705728) map[0m
[0;32mI (265) esp_image: segment 3: paddr=000e44e8 vaddr=40806678 size=11268h ( 70248) load[0m
[0;32mI (281) esp_image: segment 4: paddr=000f5758 vaddr=408178e0 size=03a30h ( 14896) load[0m
[0;32mI (290) boot: Loaded app from partition at offset 0x10000[0m
[0;32mI (290) boot: Disabling RNG early entropy source...[0m
[0;32mI (302) cpu_start: Unicore app[0m
[0;33mW (310) clk: esp_perip_clk_init() has not been implemented yet[0m
[0;32mI (317) cpu_start: Pro cpu start user code[0m
[0;32mI (317) cpu_start: cpu freq: 160000000 Hz[0m
[0;32mI (317) cpu_start: Application information:[0m
[0;32mI (320) cpu_start: Project name:     no_router[0m
[0;32mI (325) cpu_start: App version:      1[0m
[0;32mI (330) cpu_start: Compile time:     Apr  1 2026 12:44:03[0m
[0;32mI (336) cpu_start: ELF file SHA256:  a8cf9080b...[0m
[0;32mI (341) cpu_start: ESP-IDF:          v5.2.5-dirty[0m
[0;32mI (346) cpu_start: Min chip rev:     v0.0[0m
[0;32mI (351) cpu_start: Max chip rev:     v0.99 [0m
[0;32mI (356) cpu_start: Chip rev:         v0.0[0m
[0;32mI (361) heap_init: Initializing. RAM available for dynamic allocation:[0m
[0;32mI (368) heap_init: At 40820B30 len 0005BAE0 (366 KiB): RAM[0m
[0;32mI (374) heap_init: At 4087C610 len 00002F54 (11 KiB): RAM[0m
[0;32mI (380) heap_init: At 5000006C len 00003F7C (15 KiB): RTCRAM[0m
[0;32mI (387) spi_flash: detected chip: generic[0m
[0;32mI (391) spi_flash: flash io: dio[0m
[0;33mW (395) spi_flash: Detected size(8192k) larger than the size in the binary image header(2048k). Using the size in the binary image header.[0m
[0;32mI (408) sleep: Configure to isolate all GPIO pins in sleep state[0m
[0;32mI (415) sleep: Enable automatic switching of GPIO sleep configuration[0m
[0;32mI (422) coexist: coex firmware version: 994b23e[0m
[0;32mI (427) coexist: coexist rom version 5b8dcfa[0m
[0;32mI (433) main_task: Started on CPU0[0m
[0;32mI (436) main_task: Calling app_main()[0m
[0;32mI (452) bridge_common: esp-iot-bridge version: 1.0.1[0m
[0;32mI (452) pp: pp rom version: 5b8dcfa[0m
[0;32mI (453) net80211: net80211 rom version: 5b8dcfa[0m
[0;32mI (458) wifi:wifi driver task: 4082a904, prio:23, stack:6656, core=0[0m
[0;32mI (469) wifi:wifi firmware version: 01d22db[0m
[0;32mI (469) wifi:wifi certification version: v7.0[0m
[0;32mI (470) wifi:config NVS flash: enabled[0m
[0;32mI (474) wifi:config nano formating: disabled[0m
[0;32mI (478) wifi:mac_version:HAL_MAC_ESP32AX_761,ut_version:N[0m
[0;32mI (483) wifi:Init data frame dynamic rx buffer num: 32[0m
[0;32mI (488) wifi:Init static rx mgmt buffer num: 5[0m
[0;32mI (492) wifi:Init management short buffer num: 32[0m
[0;32mI (496) wifi:Init dynamic tx buffer num: 32[0m
[0;32mI (500) wifi:Init static tx FG buffer num: 2[0m
[0;32mI (504) wifi:Init static rx buffer size: 1700[0m
[0;32mI (508) wifi:Init static rx buffer num: 10[0m
[0;32mI (512) wifi:Init dynamic rx buffer num: 32[0m
[0;32mI (517) wifi_init: rx ba win: 6[0m
[0;32mI (520) wifi_init: tcpip mbox: 32[0m
[0;32mI (524) wifi_init: udp mbox: 6[0m
[0;32mI (527) wifi_init: tcp mbox: 6[0m
[0;32mI (531) wifi_init: tcp tx win: 5760[0m
[0;32mI (535) wifi_init: tcp rx win: 5760[0m
[0;32mI (540) wifi_init: tcp mss: 1440[0m
[0;32mI (543) wifi_init: WiFi IRAM OP enabled[0m
[0;32mI (548) wifi_init: WiFi RX IRAM OP enabled[0m
[0;32mI (553) phy_init: phy_version 320,348a293,Sep  3 2024,16:33:12[0m
[0;33mW (620) wifi:ACK_TAB0   :0x   90a0b, QAM16:0x9 (24Mbps), QPSK:0xa (12Mbps), BPSK:0xb (6Mbps)[0m
[0;33mW (620) wifi:CTS_TAB0   :0x   90a0b, QAM16:0x9 (24Mbps), QPSK:0xa (12Mbps), BPSK:0xb (6Mbps)[0m
[0;33mW (626) wifi:(agc)0x600a7128:0xd2027a02, min.avgNF:0xce->0xd2(dB), RCalCount:0x27, min.RRssi:0xa02(-95.88)[0m
[0;33mW (635) wifi:(TB)WDEV_PWR_TB_MCS0:19[0m
[0;33mW (638) wifi:(TB)WDEV_PWR_TB_MCS1:19[0m
[0;33mW (641) wifi:(TB)WDEV_PWR_TB_MCS2:19[0m
[0;33mW (645) wifi:(TB)WDEV_PWR_TB_MCS3:19[0m
[0;33mW (648) wifi:(TB)WDEV_PWR_TB_MCS4:19[0m
[0;33mW (651) wifi:(TB)WDEV_PWR_TB_MCS5:19[0m
[0;33mW (655) wifi:(TB)WDEV_PWR_TB_MCS6:18[0m
[0;33mW (658) wifi:(TB)WDEV_PWR_TB_MCS7:18[0m
[0;33mW (661) wifi:(TB)WDEV_PWR_TB_MCS8:17[0m
[0;33mW (664) wifi:(TB)WDEV_PWR_TB_MCS9:15[0m
[0;33mW (668) wifi:(TB)WDEV_PWR_TB_MCS10:15[0m
[0;33mW (671) wifi:(TB)WDEV_PWR_TB_MCS11:15[0m
[0;32mI (675) wifi:11ax coex: WDEVAX_PTI0(0x55777555), WDEVAX_PTI1(0x00003377).[0m

[0;32mI (681) wifi:mode : null[0m
[0;32mI (685) wifi:mode : softAP (54:32:04:0c:42:fd)[0m
[0;32mI (688) wifi:Total power save buffer number: 16[0m
[0;32mI (692) wifi:Init max length of beacon: 752/752[0m
[0;32mI (696) wifi:Init max length of beacon: 752/752[0m
[0;32mI (702) esp_netif_lwip: DHCP server started on interface WIFI_AP_DEF with IP: 192.168.4.1[0m
Add netif ap with (commit id)
[0;32mI (712) bridge_common: netif list add success[0m
[0;32mI (718) bridge_common: [WIFI_AP_DEF ][0m
[0;32mI (722) bridge_common: Set ip info:192.168.5.1[0m
[0;32mI (727) bridge_wifi: SoftAP IP network segment has changed, deauth all station[0m
[0;32mI (736) wifi:Disabled PMF config for SoftAP[0m
[0;32mI (739) wifi:Total power save buffer number: 16[0m
[0;32mI (744) esp_netif_lwip: DHCP server started on interface WIFI_AP_DEF with IP: 192.168.5.1[0m
[0;32mI (752) bridge_common: [WIFI_AP_DEF ]Name Server1: 114.114.114.114[0m
[0;32mI (758) bridge_common: DHCPS Restart, deauth all station[0m
Add netif sta with (commit id)
[0;32mI (767) bridge_common: netif list add success[0m
[0;32mI (773) wifi:mode : sta (54:32:04:0c:42:fc) + softAP (54:32:04:0c:42:fd)[0m
[0;32mI (779) wifi:enable tsf[0m
[0;33mW (781) wifi:11ax mode can not work under phy bw 40M, the sta phymode changed to 11N[0m
[0;32mI (789) bridge_wifi: Found ssid Unknown[0m
[0;32mI (793) bridge_wifi: Found password 12345789[0m
[0;31mE (798) NVS: Failed to read IP info from NVS[0m
[0;32mI (803) wifi:Disabled PMF config for STA[0m
[0;32mI (806) bridge_wifi: [esp_bridge_wifi_set_config] sta ssid:  password: [0m
[0;32mI (814) bridge_wifi: [esp_bridge_wifi_set_config] softap ssid: ESP_Bridge_0c42fd password: 12345678[0m
[0;32mI (1182) wifi:Total power save buffer number: 16[0m
[0;32mI (1184) esp_netif_lwip: DHCP server started on interface WIFI_AP_DEF with IP: 192.168.5.1[0m
[0;32mI (1185) bridge_wifi: SoftAP config changed, deauth all station[0m
[0;32mI (1191) Mesh-Lite: esp-mesh-lite component version: 1.0.2[0m
[0;32mI (1197) ESPNOW: espnow [version: 1.0] init[0m
[0;32mI (1201) [vendor_ie]: Mesh-Lite commit id: 308dc1f
 [0m
[0;32mI (1208) [vendor_ie]: Mesh ID: 77 [0m
[0;33mW (1211) [vend